// Jest Snapshot v1, https://goo.gl/fbAQLP

exports[`Screen should match the snapshot 1`] = `
<span
  className="screen"
  data-testid="screenTestId"
>
  0
</span>
`;
